[0m13:10:35.557188 [debug] [MainThread]: Sending event: {'category': 'dbt', 'action': 'invocation', 'label': 'start', 'context': [<snowplow_tracker.self_describing_json.SelfDescribingJson object at 0x7fdca311e290>, <snowplow_tracker.self_describing_json.SelfDescribingJson object at 0x7fdca225fa60>, <snowplow_tracker.self_describing_json.SelfDescribingJson object at 0x7fdca225f250>]}


============================== 13:10:35.561810 | 9bcbc0b5-90d7-4939-89ec-23cf8a896f95 ==============================
[0m13:10:35.561810 [info ] [MainThread]: Running with dbt=1.9.4
[0m13:10:35.562502 [debug] [MainThread]: running dbt with arguments {'printer_width': '80', 'indirect_selection': 'eager', 'write_json': 'True', 'log_cache_events': 'False', 'partial_parse': 'True', 'cache_selected_only': 'False', 'profiles_dir': '/home/swebot/.dbt', 'debug': 'False', 'fail_fast': 'False', 'log_path': 'logs', 'version_check': 'True', 'warn_error': 'None', 'use_colors': 'True', 'use_experimental_parser': 'False', 'no_print': 'None', 'quiet': 'False', 'empty': 'None', 'log_format': 'default', 'invocation_command': 'dbt init nba_dbt_project', 'introspect': 'True', 'static_parser': 'True', 'target_path': 'None', 'warn_error_options': 'WarnErrorOptions(include=[], exclude=[])', 'send_anonymous_usage_stats': 'True'}
[0m13:10:35.572274 [warn ] [MainThread]: [ConfigFolderDirectory]: Unable to parse logging event dictionary. Failed to parse dir field: expected string or bytes-like object.. Dictionary: {'dir': PosixPath('/home/swebot/.dbt')}
[0m13:10:35.572779 [info ] [MainThread]: Creating dbt configuration folder at 
[0m13:10:35.574498 [debug] [MainThread]: Starter project path: /home/swebot/.local/lib/python3.10/site-packages/dbt/include/starter_project
[0m13:10:35.578085 [info ] [MainThread]: 
Your new dbt project "nba_dbt_project" was created!

For more information on how to configure the profiles.yml file,
please consult the dbt documentation here:

  https://docs.getdbt.com/docs/configure-your-profile

One more thing:

Need help? Don't hesitate to reach out to us via GitHub issues or on Slack:

  https://community.getdbt.com/

Happy modeling!

[0m13:10:35.578740 [info ] [MainThread]: Setting up your profile.
[0m13:10:35.579741 [error] [MainThread]: Encountered an error:

[0m13:10:35.585837 [error] [MainThread]: Traceback (most recent call last):
  File "/home/swebot/.local/lib/python3.10/site-packages/dbt/cli/requires.py", line 153, in wrapper
    result, success = func(*args, **kwargs)
  File "/home/swebot/.local/lib/python3.10/site-packages/dbt/cli/requires.py", line 103, in wrapper
    return func(*args, **kwargs)
  File "/home/swebot/.local/lib/python3.10/site-packages/dbt/cli/main.py", line 477, in init
    results = task.run()
  File "/home/swebot/.local/lib/python3.10/site-packages/dbt/task/init.py", line 346, in run
    self.setup_profile(profile_name)
  File "/home/swebot/.local/lib/python3.10/site-packages/dbt/task/init.py", line 261, in setup_profile
    adapter = self.ask_for_adapter_choice()
  File "/home/swebot/.local/lib/python3.10/site-packages/dbt/task/init.py", line 242, in ask_for_adapter_choice
    numeric_choice = click.prompt(prompt_msg, type=click.INT)
  File "/usr/local/lib/python3.10/dist-packages/click/termui.py", line 164, in prompt
    value = prompt_func(prompt)
  File "/usr/local/lib/python3.10/dist-packages/click/termui.py", line 147, in prompt_func
    raise Abort() from None
click.exceptions.Abort

[0m13:10:35.592189 [debug] [MainThread]: Resource report: {"command_name": "init", "command_success": false, "command_wall_clock_time": 0.22844616, "process_in_blocks": "6652", "process_kernel_time": 0.56874, "process_mem_max_rss": "98304", "process_out_blocks": "64", "process_user_time": 2.459736}
[0m13:10:35.592792 [debug] [MainThread]: Command `dbt init` failed at 13:10:35.592655 after 0.23 seconds
[0m13:10:35.593241 [debug] [MainThread]: Sending event: {'category': 'dbt', 'action': 'invocation', 'label': 'end', 'context': [<snowplow_tracker.self_describing_json.SelfDescribingJson object at 0x7fdca311e290>, <snowplow_tracker.self_describing_json.SelfDescribingJson object at 0x7fdca2089e70>, <snowplow_tracker.self_describing_json.SelfDescribingJson object at 0x7fdca208a410>]}
[0m13:10:35.593787 [debug] [MainThread]: Flushing usage events
[0m13:10:35.714308 [debug] [MainThread]: An error was encountered while trying to flush usage events
